// Jest Snapshot v1, https://goo.gl/fbAQLP

exports[`<ListItem /> renders correctly 1`] = `
<View
  style={
    {
      "alignItems": "center",
      "borderBottomColor": "#ddd",
      "borderBottomWidth": 1,
      "flexDirection": "row",
      "marginLeft": 10,
    }
  }
>
  <Text
    style={
      [
        {
          "backgroundColor": "#A51BB6",
          "borderRadius": 50,
          "color": "#fff",
          "height": 30,
          "left": 5,
          "position": "absolute",
          "textAlign": "center",
          "textAlignVertical": "center",
          "top": 5,
          "width": 30,
          "zIndex": 2,
        },
        {
          "fontSize": 46.875,
          "height": 93.75,
          "position": "relative",
          "top": 0,
          "width": 93.75,
        },
      ]
    }
    testID="circleNumber"
  >
    0
  </Text>
  <Image
    source={
      {
        "uri": "https://example.com/image.png",
      }
    }
    style={
      {
        "height": 187.5,
        "marginLeft": 20,
        "width": 187.5,
      }
    }
    testID="imageProd"
  />
</View>
`;
